------------------------------------------------------------------------------
MSS -- Memory Supervision System version 1.2
Copyright (C) 1998  Juan Jesus Alcolea Picazo and Peter Palotas

MSS Normal Logfile.

WARNING: Environment variable `MSS_CFG' not set. Unable to use global 
         configuration file.
WARNING: No local configuration file found either, using hard-coded default 
         values only.

Option List:

LogFileName                         mss.log        (default)
GenerateSpecialLog                  No             (default)
SpecialLogFileName                  slog.mss       (default)
LogToSTDOUT                         No             (default)
LogToSTDERR                         No             (default)
ShowLogs                            Yes            (default)
WatchLimits                         Yes            (default)
WatchSize                           32             (default)
WatchValue                          0xA8           (default)
CheckOnDealloc                      Yes            (default)
CheckAllOnAlloc                     No             (default)
FillMemOnAlloc                      Yes            (default)
FillMemOnAllocValue                 0x98           (default)
FillMemOnDeAlloc                    Yes            (default)
FillMemOnDeAllocValue               0x86           (default)
ExitOnWarning                       No             (default)
FalseAllocFails                     0              (default)
ExtraNewline                        Yes            (default)
WordWrap                            Yes            (default)
WarnOnAllNULLDeallocs               Yes            (default)
ZeroLenAllocReturnNULL              Yes            (default)

------------------------------------------------------------------------------
Logging started at Tue Feb  4 18:01:51 2003

